// Jest Snapshot v1, https://goo.gl/fbAQLP

exports[`<Profile /> Component should render 1`] = `
<div>
  <div
    class="container"
  >
    Profile page...
  </div>
</div>
`;
