// Jest Snapshot v1, https://goo.gl/fbAQLP

exports[`<Message /> Component should render 1`] = `
<div>
  <div
    class="message"
  >
    <div
      class="messageAuthor"
    >
      Jest
    </div>
    Jest example message
  </div>
</div>
`;
